2026-03-03 16:37:48.811 [main] INFO  [sessionId=NO_SESSION]
                [reqId=] [traceId=] [spanId=] [parentSpan=]
                [uri=] [method=] [status=]
                [duration=ms] [clientIp=] [userAgent=]
                c.c.petstoreapp.PetStoreApplication - Starting PetStoreApplication using Java 21.0.9 with PID 6568 (C:\Users\BharathiRajkumar\Documents\AZ-204\cloudx-java-azure-dev\petstore\petstoreapp\target\classes started by BharathiRajkumar in C:\Users\BharathiRajkumar\Documents\AZ-204\cloudx-java-azure-dev\petstore\petstoreapp)
2026-03-03 16:37:48.815 [main] INFO  [sessionId=NO_SESSION]
                [reqId=] [traceId=] [spanId=] [parentSpan=]
                [uri=] [method=] [status=]
                [duration=ms] [clientIp=] [userAgent=]
                c.c.petstoreapp.PetStoreApplication - No active profile set, falling back to 1 default profile: "default"
2026-03-03 16:37:52.245 [main] INFO  [sessionId=NO_SESSION]
                [reqId=] [traceId=] [spanId=] [parentSpan=]
                [uri=] [method=] [status=]
                [duration=ms] [clientIp=] [userAgent=]
                o.s.b.w.e.tomcat.TomcatWebServer - Tomcat initialized with port 8080 (http)
2026-03-03 16:37:52.262 [main] INFO  [sessionId=NO_SESSION]
                [reqId=] [traceId=] [spanId=] [parentSpan=]
                [uri=] [method=] [status=]
                [duration=ms] [clientIp=] [userAgent=]
                o.a.catalina.core.StandardService - Starting service [Tomcat]
2026-03-03 16:37:52.262 [main] INFO  [sessionId=NO_SESSION]
                [reqId=] [traceId=] [spanId=] [parentSpan=]
                [uri=] [method=] [status=]
                [duration=ms] [clientIp=] [userAgent=]
                o.a.catalina.core.StandardEngine - Starting Servlet engine: [Apache Tomcat/10.1.41]
2026-03-03 16:37:52.359 [main] INFO  [sessionId=NO_SESSION]
                [reqId=] [traceId=] [spanId=] [parentSpan=]
                [uri=] [method=] [status=]
                [duration=ms] [clientIp=] [userAgent=]
                o.a.c.c.C.[Tomcat].[localhost].[/] - Initializing Spring embedded WebApplicationContext
2026-03-03 16:37:52.361 [main] INFO  [sessionId=NO_SESSION]
                [reqId=] [traceId=] [spanId=] [parentSpan=]
                [uri=] [method=] [status=]
                [duration=ms] [clientIp=] [userAgent=]
                o.s.b.w.s.c.ServletWebServerApplicationContext - Root WebApplicationContext: initialization completed in 3451 ms
2026-03-03 16:37:54.917 [main] INFO  [sessionId=NO_SESSION]
                [reqId=] [traceId=] [spanId=] [parentSpan=]
                [uri=] [method=] [status=]
                [duration=ms] [clientIp=] [userAgent=]
                o.s.b.a.e.web.EndpointLinksResolver - Exposing 2 endpoints beneath base path '/actuator'
2026-03-03 16:37:55.107 [main] WARN  [sessionId=NO_SESSION]
                [reqId=] [traceId=] [spanId=] [parentSpan=]
                [uri=] [method=] [status=]
                [duration=ms] [clientIp=] [userAgent=]
                c.c.p.s.WebSecurityConfiguration - Security is DISABLED via petstore.security.enabled = false
2026-03-03 16:37:56.117 [main] INFO  [sessionId=NO_SESSION]
                [reqId=] [traceId=] [spanId=] [parentSpan=]
                [uri=] [method=] [status=]
                [duration=ms] [clientIp=] [userAgent=]
                o.s.b.w.e.tomcat.TomcatWebServer - Tomcat started on port 8080 (http) with context path '/'
2026-03-03 16:37:56.143 [main] INFO  [sessionId=NO_SESSION]
                [reqId=] [traceId=] [spanId=] [parentSpan=]
                [uri=] [method=] [status=]
                [duration=ms] [clientIp=] [userAgent=]
                c.c.petstoreapp.PetStoreApplication - Started PetStoreApplication in 8.631 seconds (process running for 9.95)
2026-03-03 16:37:56.181 [main] INFO  [sessionId=NO_SESSION]
                [reqId=] [traceId=] [spanId=] [parentSpan=]
                [uri=] [method=] [status=]
                [duration=ms] [clientIp=] [userAgent=]
                c.c.p.c.ApplicationStartupConfig - Pet Store Application started successfully!
2026-03-03 16:37:56.181 [main] INFO  [sessionId=NO_SESSION]
                [reqId=] [traceId=] [spanId=] [parentSpan=]
                [uri=] [method=] [status=]
                [duration=ms] [clientIp=] [userAgent=]
                c.c.p.c.ApplicationStartupConfig - Application is ready to accept requests
2026-03-03 16:37:56.182 [main] INFO  [sessionId=NO_SESSION]
                [reqId=] [traceId=] [spanId=] [parentSpan=]
                [uri=] [method=] [status=]
                [duration=ms] [clientIp=] [userAgent=]
                c.c.p.c.ApplicationStartupConfig - Active Profile: default
2026-03-03 16:37:56.183 [main] INFO  [sessionId=NO_SESSION]
                [reqId=] [traceId=] [spanId=] [parentSpan=]
                [uri=] [method=] [status=]
                [duration=ms] [clientIp=] [userAgent=]
                c.c.p.c.ApplicationStartupConfig - Server Port: 8080
2026-03-03 16:37:56.183 [main] INFO  [sessionId=NO_SESSION]
                [reqId=] [traceId=] [spanId=] [parentSpan=]
                [uri=] [method=] [status=]
                [duration=ms] [clientIp=] [userAgent=]
                c.c.p.c.ApplicationStartupConfig - Pet Service URL: http://localhost:8081
2026-03-03 16:37:56.183 [main] INFO  [sessionId=NO_SESSION]
                [reqId=] [traceId=] [spanId=] [parentSpan=]
                [uri=] [method=] [status=]
                [duration=ms] [clientIp=] [userAgent=]
                c.c.p.c.ApplicationStartupConfig - Product Service URL: http://localhost:8082
2026-03-03 16:37:56.183 [main] INFO  [sessionId=NO_SESSION]
                [reqId=] [traceId=] [spanId=] [parentSpan=]
                [uri=] [method=] [status=]
                [duration=ms] [clientIp=] [userAgent=]
                c.c.p.c.ApplicationStartupConfig - Order Service URL: http://localhost:8083
2026-03-03 16:37:56.320 [main] INFO  [sessionId=NO_SESSION]
                [reqId=] [traceId=] [spanId=] [parentSpan=]
                [uri=] [method=] [status=]
                [duration=ms] [clientIp=] [userAgent=]
                c.c.p.c.health.NetworkHealthCheck - External network connectivity: OK
2026-03-03 16:38:08.188 [http-nio-8080-exec-2] INFO  [sessionId=NO_SESSION]
                [reqId=] [traceId=] [spanId=] [parentSpan=]
                [uri=] [method=] [status=]
                [duration=ms] [clientIp=] [userAgent=]
                o.a.c.c.C.[Tomcat].[localhost].[/] - Initializing Spring DispatcherServlet 'dispatcherServlet'
2026-03-03 16:38:08.188 [http-nio-8080-exec-2] INFO  [sessionId=NO_SESSION]
                [reqId=] [traceId=] [spanId=] [parentSpan=]
                [uri=] [method=] [status=]
                [duration=ms] [clientIp=] [userAgent=]
                o.s.web.servlet.DispatcherServlet - Initializing Servlet 'dispatcherServlet'
2026-03-03 16:38:08.196 [http-nio-8080-exec-2] INFO  [sessionId=NO_SESSION]
                [reqId=] [traceId=] [spanId=] [parentSpan=]
                [uri=] [method=] [status=]
                [duration=ms] [clientIp=] [userAgent=]
                o.s.web.servlet.DispatcherServlet - Completed initialization in 7 ms
2026-03-03 16:38:08.475 [http-nio-8080-exec-2] INFO  [sessionId=D81FB9AED4C5CCC05B28A3A33641866B]
                [reqId=8053d722] [traceId=fb167c81a3184c209e6511e213dfbe7c] [spanId=983c8945-1281-4e] [parentSpan=]
                [uri=/] [method=GET] [status=]
                [duration=ms] [clientIp=0:0:0:0:0:0:0:1] [userAgent=Mozilla/5.0 (Windows NT 10.0; Win64; x64) AppleWebKit/537.36 (KHTML, like Gecko) Chrome/145.0.0.0 Safari/537.36 Edg/145.0.0.0]
                ApplicationInsightsTelemetry - Page view tracked: com.microsoft.applicationinsights.telemetry.PageViewTelemetry@703d43bd
2026-03-03 16:38:09.301 [http-nio-8080-exec-2] INFO  [sessionId=D81FB9AED4C5CCC05B28A3A33641866B]
                [reqId=8053d722] [traceId=fb167c81a3184c209e6511e213dfbe7c] [spanId=983c8945-1281-4e] [parentSpan=]
                [uri=/] [method=GET] [status=200]
                [duration=935ms] [clientIp=0:0:0:0:0:0:0:1] [userAgent=Mozilla/5.0 (Windows NT 10.0; Win64; x64) AppleWebKit/537.36 (KHTML, like Gecko) Chrome/145.0.0.0 Safari/537.36 Edg/145.0.0.0]
                c.c.p.config.MDCInterceptor - Request completed successfully [RequestID: 8053d722, Status: 200, Duration: 935ms]
2026-03-03 16:38:10.838 [http-nio-8080-exec-9] WARN  [sessionId=NO_SESSION]
                [reqId=] [traceId=] [spanId=] [parentSpan=]
                [uri=] [method=] [status=]
                [duration=ms] [clientIp=] [userAgent=]
                c.c.p.c.h.OrderServiceHealthIndicator - Order service health check failed: Connection refused: getsockopt: localhost/127.0.0.1:8083
2026-03-03 16:38:10.846 [http-nio-8080-exec-9] WARN  [sessionId=NO_SESSION]
                [reqId=] [traceId=] [spanId=] [parentSpan=]
                [uri=] [method=] [status=]
                [duration=ms] [clientIp=] [userAgent=]
                c.c.p.c.h.PetServiceHealthIndicator - Pet service health check failed: Connection refused: getsockopt: localhost/127.0.0.1:8081
2026-03-03 16:38:10.855 [http-nio-8080-exec-9] WARN  [sessionId=NO_SESSION]
                [reqId=] [traceId=] [spanId=] [parentSpan=]
                [uri=] [method=] [status=]
                [duration=ms] [clientIp=] [userAgent=]
                c.c.p.c.h.ProductServiceHealthIndicator - Product service health check failed: Connection refused: getsockopt: localhost/127.0.0.1:8082
2026-03-03 16:38:17.217 [SpringApplicationShutdownHook] INFO  [sessionId=NO_SESSION]
                [reqId=] [traceId=] [spanId=] [parentSpan=]
                [uri=] [method=] [status=]
                [duration=ms] [clientIp=] [userAgent=]
                o.s.b.w.e.tomcat.GracefulShutdown - Commencing graceful shutdown. Waiting for active requests to complete
2026-03-03 16:38:17.234 [tomcat-shutdown] INFO  [sessionId=NO_SESSION]
                [reqId=] [traceId=] [spanId=] [parentSpan=]
                [uri=] [method=] [status=]
                [duration=ms] [clientIp=] [userAgent=]
                o.s.b.w.e.tomcat.GracefulShutdown - Graceful shutdown complete
